mod: loaded OpenMPI 1.4.5, compiled with gcc4.8 (found in /opt/openmpi/1.4.5gcc4.8/)

R version 3.3.2 (2016-10-31) -- "Sincere Pumpkin Patch"
Copyright (C) 2016 The R Foundation for Statistical Computing
Platform: x86_64-pc-linux-gnu (64-bit)

R is free software and comes with ABSOLUTELY NO WARRANTY.
You are welcome to redistribute it under certain conditions.
Type 'license()' or 'licence()' for distribution details.

  Natural language support but running in an English locale

R is a collaborative project with many contributors.
Type 'contributors()' for more information and
'citation()' on how to cite R or R packages in publications.

Type 'demo()' for some demos, 'help()' for on-line help, or
'help.start()' for an HTML browser interface to help.
Type 'q()' to quit R.

> 
> #Functions
> loadPackage <- function(name, packSource){
+     if(require(name)) {
+         return(paste("loaded ", name, " SUCCESS", sep=""))
+     } else {
+         if(packSource=="biocLite") {
+             source("https://bioconductor.org/biocLite.R")
+             biocLite(name)
+             require(name)
+         } else if(packSource=="rietho") {
+             loadPackage("devtools", "r-cran")
+             library(devtools)
+             install_github(paste("rietho", name, sep="/"))
+             require(name) #might need to be replaced with library instead
+         } else {
+             install.packages(name, repos="https://cloud.r-project.org/")
+             require(name)
+         }
+     }
+ }
> 
> #Load packages
> loadPackage("xcms", "biocLite")
Loading required package: name
Bioconductor version 3.4 (BiocInstaller 1.24.0), ?biocLite for help
BioC_mirror: https://bioconductor.org
Using Bioconductor 3.4 (BiocInstaller 1.24.0), R 3.3.2 (2016-10-31).
Installing package(s) ‘xcms’
trying URL 'https://bioconductor.org/packages/3.4/bioc/src/contrib/xcms_1.50.1.tar.gz'
Content type 'application/x-gzip' length 1427204 bytes (1.4 MB)
==================================================
downloaded 1.4 MB

* installing *source* package ‘xcms’ ...
** libs
rm -f massifquant/xcms_massifquant.o massifquant/TrMgr.o massifquant/Tracker.o massifquant/SegProc.o massifquant/DataKeeper.o massifquant/OpOverload.o obiwarp/mat.o obiwarp/vec.o obiwarp/xcms_dynprog.o obiwarp/xcms_lmat.o xcms_obiwarp.o fastMatch.o mzClust_hclust.o mzROI.o util.o xcms.o binners.o
g++ -I/sw/apps/R/x86_64/3.3.2/tintin/lib64/R/include -DNDEBUG  -I/usr/local/include    -fpic  -g -O2  -c massifquant/xcms_massifquant.cpp -o massifquant/xcms_massifquant.o
g++ -I/sw/apps/R/x86_64/3.3.2/tintin/lib64/R/include -DNDEBUG  -I/usr/local/include    -fpic  -g -O2  -c massifquant/TrMgr.cpp -o massifquant/TrMgr.o
g++ -I/sw/apps/R/x86_64/3.3.2/tintin/lib64/R/include -DNDEBUG  -I/usr/local/include    -fpic  -g -O2  -c massifquant/Tracker.cpp -o massifquant/Tracker.o
g++ -I/sw/apps/R/x86_64/3.3.2/tintin/lib64/R/include -DNDEBUG  -I/usr/local/include    -fpic  -g -O2  -c massifquant/SegProc.cpp -o massifquant/SegProc.o
g++ -I/sw/apps/R/x86_64/3.3.2/tintin/lib64/R/include -DNDEBUG  -I/usr/local/include    -fpic  -g -O2  -c massifquant/DataKeeper.cpp -o massifquant/DataKeeper.o
g++ -I/sw/apps/R/x86_64/3.3.2/tintin/lib64/R/include -DNDEBUG  -I/usr/local/include    -fpic  -g -O2  -c massifquant/OpOverload.cpp -o massifquant/OpOverload.o
g++ -I/sw/apps/R/x86_64/3.3.2/tintin/lib64/R/include -DNDEBUG  -I/usr/local/include    -fpic  -g -O2  -c obiwarp/mat.cpp -o obiwarp/mat.o
g++ -I/sw/apps/R/x86_64/3.3.2/tintin/lib64/R/include -DNDEBUG  -I/usr/local/include    -fpic  -g -O2  -c obiwarp/vec.cpp -o obiwarp/vec.o
g++ -I/sw/apps/R/x86_64/3.3.2/tintin/lib64/R/include -DNDEBUG  -I/usr/local/include    -fpic  -g -O2  -c obiwarp/xcms_dynprog.cpp -o obiwarp/xcms_dynprog.o
g++ -I/sw/apps/R/x86_64/3.3.2/tintin/lib64/R/include -DNDEBUG  -I/usr/local/include    -fpic  -g -O2  -c obiwarp/xcms_lmat.cpp -o obiwarp/xcms_lmat.o
g++ -I/sw/apps/R/x86_64/3.3.2/tintin/lib64/R/include -DNDEBUG  -I/usr/local/include    -fpic  -g -O2  -c xcms_obiwarp.cpp -o xcms_obiwarp.o
gcc -I/sw/apps/R/x86_64/3.3.2/tintin/lib64/R/include -DNDEBUG  -I/usr/local/include    -fpic  -g -O2  -c fastMatch.c -o fastMatch.o
gcc -I/sw/apps/R/x86_64/3.3.2/tintin/lib64/R/include -DNDEBUG  -I/usr/local/include    -fpic  -g -O2  -c mzClust_hclust.c -o mzClust_hclust.o
gcc -I/sw/apps/R/x86_64/3.3.2/tintin/lib64/R/include -DNDEBUG  -I/usr/local/include    -fpic  -g -O2  -c mzROI.c -o mzROI.o
gcc -I/sw/apps/R/x86_64/3.3.2/tintin/lib64/R/include -DNDEBUG  -I/usr/local/include    -fpic  -g -O2  -c util.c -o util.o
gcc -I/sw/apps/R/x86_64/3.3.2/tintin/lib64/R/include -DNDEBUG  -I/usr/local/include    -fpic  -g -O2  -c xcms.c -o xcms.o
gcc -I/sw/apps/R/x86_64/3.3.2/tintin/lib64/R/include -DNDEBUG  -I/usr/local/include    -fpic  -g -O2  -c binners.c -o binners.o
g++ -shared -L/sw/apps/R/x86_64/3.3.2/tintin/lib64/R/lib -L/usr/local/lib64 -o xcms.so massifquant/xcms_massifquant.o massifquant/TrMgr.o massifquant/Tracker.o massifquant/SegProc.o massifquant/DataKeeper.o massifquant/OpOverload.o obiwarp/mat.o obiwarp/vec.o obiwarp/xcms_dynprog.o obiwarp/xcms_lmat.o xcms_obiwarp.o fastMatch.o mzClust_hclust.o mzROI.o util.o xcms.o binners.o -L/sw/apps/R/x86_64/3.3.2/tintin/lib64/R/lib -lR
installing to /pica/h1/nilsanli/R/x86_64-pc-linux-gnu-library/3.3/xcms/libs
** R
** inst
** preparing package for lazy loading
** help
*** installing help indices
** building package indices
** installing vignettes
** testing if installed package can be loaded
* DONE (xcms)

The downloaded source packages are in
	‘/scratch/12601820/Rtmps5evw1/downloaded_packages’
installation path not writeable, unable to update packages: Matrix, mgcv, nlme,
  survival
Loading required package: name
Warning messages:
1: In library(package, lib.loc = lib.loc, character.only = TRUE, logical.return = TRUE,  :
  there is no package called ‘name’
2: In library(package, lib.loc = lib.loc, character.only = TRUE, logical.return = TRUE,  :
  there is no package called ‘name’
> loadPackage("BiocParallel", "biocLite")
Loading required package: name
Bioconductor version 3.4 (BiocInstaller 1.24.0), ?biocLite for help
BioC_mirror: https://bioconductor.org
Using Bioconductor 3.4 (BiocInstaller 1.24.0), R 3.3.2 (2016-10-31).
Installing package(s) ‘BiocParallel’
trying URL 'https://bioconductor.org/packages/3.4/bioc/src/contrib/BiocParallel_1.8.1.tar.gz'
Content type 'application/x-gzip' length 624640 bytes (610 KB)
==================================================
downloaded 610 KB

* installing *source* package ‘BiocParallel’ ...
** R
** inst
** preparing package for lazy loading
** help
*** installing help indices
** building package indices
** installing vignettes
** testing if installed package can be loaded
* DONE (BiocParallel)

The downloaded source packages are in
	‘/scratch/12601820/Rtmps5evw1/downloaded_packages’
installation path not writeable, unable to update packages: Matrix, mgcv, nlme,
  survival
Loading required package: name
Warning messages:
1: In library(package, lib.loc = lib.loc, character.only = TRUE, logical.return = TRUE,  :
  there is no package called ‘name’
2: In library(package, lib.loc = lib.loc, character.only = TRUE, logical.return = TRUE,  :
  there is no package called ‘name’
> loadPackage("Rmpi", "r-cran")
Loading required package: name
Installing package into ‘/pica/h1/nilsanli/R/x86_64-pc-linux-gnu-library/3.3’
(as ‘lib’ is unspecified)
trying URL 'https://cloud.r-project.org/src/contrib/Rmpi_0.6-6.tar.gz'
Content type 'application/x-gzip' length 105181 bytes (102 KB)
==================================================
downloaded 102 KB

* installing *source* package ‘Rmpi’ ...
** package ‘Rmpi’ successfully unpacked and MD5 sums checked
checking for gcc... gcc
checking whether the C compiler works... yes
checking for C compiler default output file name... a.out
checking for suffix of executables... 
checking whether we are cross compiling... no
checking for suffix of object files... o
checking whether we are using the GNU C compiler... yes
checking whether gcc accepts -g... yes
checking for gcc option to accept ISO C89... none needed
Trying to find mpi.h ...
Found in /opt/openmpi/1.4.5gcc4.8/include
Trying to find libmpi.so or libmpich.a ...
Found libmpi in /opt/openmpi/1.4.5gcc4.8/lib
checking for orted... yes
checking for openpty in -lutil... yes
checking for main in -lpthread... yes
configure: creating ./config.status
config.status: creating src/Makevars
** libs
gcc -I/sw/apps/R/x86_64/3.3.2/tintin/lib64/R/include -DNDEBUG -DPACKAGE_NAME=\"\" -DPACKAGE_TARNAME=\"\" -DPACKAGE_VERSION=\"\" -DPACKAGE_STRING=\"\" -DPACKAGE_BUGREPORT=\"\" -DPACKAGE_URL=\"\" -I/opt/openmpi/1.4.5gcc4.8/include  -DMPI2 -DOPENMPI -I/usr/local/include    -fpic  -g -O2  -c Rmpi.c -o Rmpi.o
gcc -I/sw/apps/R/x86_64/3.3.2/tintin/lib64/R/include -DNDEBUG -DPACKAGE_NAME=\"\" -DPACKAGE_TARNAME=\"\" -DPACKAGE_VERSION=\"\" -DPACKAGE_STRING=\"\" -DPACKAGE_BUGREPORT=\"\" -DPACKAGE_URL=\"\" -I/opt/openmpi/1.4.5gcc4.8/include  -DMPI2 -DOPENMPI -I/usr/local/include    -fpic  -g -O2  -c conversion.c -o conversion.o
gcc -I/sw/apps/R/x86_64/3.3.2/tintin/lib64/R/include -DNDEBUG -DPACKAGE_NAME=\"\" -DPACKAGE_TARNAME=\"\" -DPACKAGE_VERSION=\"\" -DPACKAGE_STRING=\"\" -DPACKAGE_BUGREPORT=\"\" -DPACKAGE_URL=\"\" -I/opt/openmpi/1.4.5gcc4.8/include  -DMPI2 -DOPENMPI -I/usr/local/include    -fpic  -g -O2  -c internal.c -o internal.o
gcc -shared -L/sw/apps/R/x86_64/3.3.2/tintin/lib64/R/lib -L/usr/local/lib64 -o Rmpi.so Rmpi.o conversion.o internal.o -L/opt/openmpi/1.4.5gcc4.8/lib -lmpi -lutil -lpthread -L/sw/apps/R/x86_64/3.3.2/tintin/lib64/R/lib -lR
installing to /pica/h1/nilsanli/R/x86_64-pc-linux-gnu-library/3.3/Rmpi/libs
** R
** demo
** inst
** preparing package for lazy loading
** help
*** installing help indices
** building package indices
** testing if installed package can be loaded
* DONE (Rmpi)

The downloaded source packages are in
	‘/scratch/12601820/Rtmps5evw1/downloaded_packages’
Loading required package: name
Warning messages:
1: In library(package, lib.loc = lib.loc, character.only = TRUE, logical.return = TRUE,  :
  there is no package called ‘name’
2: In library(package, lib.loc = lib.loc, character.only = TRUE, logical.return = TRUE,  :
  there is no package called ‘name’
> loadPackage("CAMERA", "biocLite")
Loading required package: name
Bioconductor version 3.4 (BiocInstaller 1.24.0), ?biocLite for help
BioC_mirror: https://bioconductor.org
Using Bioconductor 3.4 (BiocInstaller 1.24.0), R 3.3.2 (2016-10-31).
Installing package(s) ‘CAMERA’
trying URL 'https://bioconductor.org/packages/3.4/bioc/src/contrib/CAMERA_1.30.0.tar.gz'
Content type 'application/x-gzip' length 2170587 bytes (2.1 MB)
==================================================
downloaded 2.1 MB

* installing *source* package ‘CAMERA’ ...
** libs
gcc -I/sw/apps/R/x86_64/3.3.2/tintin/lib64/R/include -DNDEBUG  -I/usr/local/include    -fpic  -g -O2  -c fastMatch.c -o fastMatch.o
gcc -shared -L/sw/apps/R/x86_64/3.3.2/tintin/lib64/R/lib -L/usr/local/lib64 -o CAMERA.so fastMatch.o -L/sw/apps/R/x86_64/3.3.2/tintin/lib64/R/lib -lR
installing to /pica/h1/nilsanli/R/x86_64-pc-linux-gnu-library/3.3/CAMERA/libs
** R
** data
** inst
** byte-compile and prepare package for lazy loading
** help
*** installing help indices
** building package indices
** installing vignettes
** testing if installed package can be loaded
* DONE (CAMERA)

The downloaded source packages are in
	‘/scratch/12601820/Rtmps5evw1/downloaded_packages’
installation path not writeable, unable to update packages: Matrix, mgcv, nlme,
  survival
Loading required package: name
Warning messages:
1: In library(package, lib.loc = lib.loc, character.only = TRUE, logical.return = TRUE,  :
  there is no package called ‘name’
2: In library(package, lib.loc = lib.loc, character.only = TRUE, logical.return = TRUE,  :
  there is no package called ‘name’
> loadPackage("rsm", "r-cran")
Loading required package: name
Installing package into ‘/pica/h1/nilsanli/R/x86_64-pc-linux-gnu-library/3.3’
(as ‘lib’ is unspecified)
trying URL 'https://cloud.r-project.org/src/contrib/rsm_2.8.tar.gz'
Content type 'application/x-gzip' length 1078524 bytes (1.0 MB)
==================================================
downloaded 1.0 MB

* installing *source* package ‘rsm’ ...
** package ‘rsm’ successfully unpacked and MD5 sums checked
** R
** inst
** preparing package for lazy loading
** help
*** installing help indices
** building package indices
** installing vignettes
** testing if installed package can be loaded
* DONE (rsm)

The downloaded source packages are in
	‘/scratch/12601820/Rtmps5evw1/downloaded_packages’
Loading required package: name
Warning messages:
1: In library(package, lib.loc = lib.loc, character.only = TRUE, logical.return = TRUE,  :
  there is no package called ‘name’
2: In library(package, lib.loc = lib.loc, character.only = TRUE, logical.return = TRUE,  :
  there is no package called ‘name’
> loadPackage("devtools", "r-cran")
Loading required package: name
Installing package into ‘/pica/h1/nilsanli/R/x86_64-pc-linux-gnu-library/3.3’
(as ‘lib’ is unspecified)
trying URL 'https://cloud.r-project.org/src/contrib/devtools_1.12.0.tar.gz'
Content type 'application/x-gzip' length 466618 bytes (455 KB)
==================================================
downloaded 455 KB

* installing *source* package ‘devtools’ ...
** package ‘devtools’ successfully unpacked and MD5 sums checked
** libs
gcc -I/sw/apps/R/x86_64/3.3.2/tintin/lib64/R/include -DNDEBUG  -I/usr/local/include    -fpic  -g -O2  -c devtools.c -o devtools.o
gcc -shared -L/sw/apps/R/x86_64/3.3.2/tintin/lib64/R/lib -L/usr/local/lib64 -o devtools.so devtools.o -L/sw/apps/R/x86_64/3.3.2/tintin/lib64/R/lib -lR
installing to /pica/h1/nilsanli/R/x86_64-pc-linux-gnu-library/3.3/devtools/libs
** R
** inst
** preparing package for lazy loading
** help
*** installing help indices
** building package indices
** installing vignettes
** testing if installed package can be loaded
* DONE (devtools)

The downloaded source packages are in
	‘/scratch/12601820/Rtmps5evw1/downloaded_packages’
Loading required package: name
Warning messages:
1: In library(package, lib.loc = lib.loc, character.only = TRUE, logical.return = TRUE,  :
  there is no package called ‘name’
2: In library(package, lib.loc = lib.loc, character.only = TRUE, logical.return = TRUE,  :
  there is no package called ‘name’
> loadPackage("IPO", "rietho")
Loading required package: name
Loading required package: name
Installing package into ‘/pica/h1/nilsanli/R/x86_64-pc-linux-gnu-library/3.3’
(as ‘lib’ is unspecified)
trying URL 'https://cloud.r-project.org/src/contrib/devtools_1.12.0.tar.gz'
Content type 'application/x-gzip' length 466618 bytes (455 KB)
==================================================
downloaded 455 KB

* installing *source* package ‘devtools’ ...
** package ‘devtools’ successfully unpacked and MD5 sums checked
** libs
gcc -I/sw/apps/R/x86_64/3.3.2/tintin/lib64/R/include -DNDEBUG  -I/usr/local/include    -fpic  -g -O2  -c devtools.c -o devtools.o
gcc -shared -L/sw/apps/R/x86_64/3.3.2/tintin/lib64/R/lib -L/usr/local/lib64 -o devtools.so devtools.o -L/sw/apps/R/x86_64/3.3.2/tintin/lib64/R/lib -lR
installing to /pica/h1/nilsanli/R/x86_64-pc-linux-gnu-library/3.3/devtools/libs
** R
** inst
** preparing package for lazy loading
** help
*** installing help indices
** building package indices
** installing vignettes
** testing if installed package can be loaded
* DONE (devtools)

The downloaded source packages are in
	‘/scratch/12601820/Rtmps5evw1/downloaded_packages’
Loading required package: name
Skipping install of 'IPO' from a github remote, the SHA1 (d1bd54ac) has not changed since last install.
  Use `force = TRUE` to force installation
Loading required package: name
Warning messages:
1: In library(package, lib.loc = lib.loc, character.only = TRUE, logical.return = TRUE,  :
  there is no package called ‘name’
2: In library(package, lib.loc = lib.loc, character.only = TRUE, logical.return = TRUE,  :
  there is no package called ‘name’
3: In library(package, lib.loc = lib.loc, character.only = TRUE, logical.return = TRUE,  :
  there is no package called ‘name’
4: In library(package, lib.loc = lib.loc, character.only = TRUE, logical.return = TRUE,  :
  there is no package called ‘name’
> loadPackage("BatchJobs", "r-cran")
Loading required package: name
Installing package into ‘/pica/h1/nilsanli/R/x86_64-pc-linux-gnu-library/3.3’
(as ‘lib’ is unspecified)
also installing the dependencies ‘BH’, ‘plogr’, ‘BBmisc’, ‘brew’, ‘DBI’, ‘fail’, ‘RSQLite’, ‘sendmailR’

trying URL 'https://cloud.r-project.org/src/contrib/BH_1.62.0-1.tar.gz'
Content type 'application/x-gzip' length 10181096 bytes (9.7 MB)
==================================================
downloaded 9.7 MB

trying URL 'https://cloud.r-project.org/src/contrib/plogr_0.1-1.tar.gz'
Content type 'application/x-gzip' length 7421 bytes
==================================================
downloaded 7421 bytes

trying URL 'https://cloud.r-project.org/src/contrib/BBmisc_1.10.tar.gz'
Content type 'application/x-gzip' length 82741 bytes (80 KB)
==================================================
downloaded 80 KB

trying URL 'https://cloud.r-project.org/src/contrib/brew_1.0-6.tar.gz'
Content type 'application/x-gzip' length 83315 bytes (81 KB)
==================================================
downloaded 81 KB

trying URL 'https://cloud.r-project.org/src/contrib/DBI_0.5-1.tar.gz'
Content type 'application/x-gzip' length 258716 bytes (252 KB)
==================================================
downloaded 252 KB

trying URL 'https://cloud.r-project.org/src/contrib/fail_1.3.tar.gz'
Content type 'application/x-gzip' length 10640 bytes (10 KB)
==================================================
downloaded 10 KB

trying URL 'https://cloud.r-project.org/src/contrib/RSQLite_1.1-2.tar.gz'
Content type 'application/x-gzip' length 2108699 bytes (2.0 MB)
==================================================
downloaded 2.0 MB

trying URL 'https://cloud.r-project.org/src/contrib/sendmailR_1.2-1.tar.gz'
Content type 'application/x-gzip' length 7367 bytes
==================================================
downloaded 7367 bytes

trying URL 'https://cloud.r-project.org/src/contrib/BatchJobs_1.6.tar.gz'
Content type 'application/x-gzip' length 110191 bytes (107 KB)
==================================================
downloaded 107 KB

* installing *source* package ‘BH’ ...
** package ‘BH’ successfully unpacked and MD5 sums checked
** inst
** help
*** installing help indices
** building package indices
** testing if installed package can be loaded
* DONE (BH)
* installing *source* package ‘plogr’ ...
** package ‘plogr’ successfully unpacked and MD5 sums checked
** R
** inst
** preparing package for lazy loading
** help
*** installing help indices
** building package indices
** testing if installed package can be loaded
* DONE (plogr)
* installing *source* package ‘BBmisc’ ...
** package ‘BBmisc’ successfully unpacked and MD5 sums checked
** libs
gcc -I/sw/apps/R/x86_64/3.3.2/tintin/lib64/R/include -DNDEBUG  -I/usr/local/include    -fpic  -g -O2  -c getMaxColRowIndex.c -o getMaxColRowIndex.o
gcc -I/sw/apps/R/x86_64/3.3.2/tintin/lib64/R/include -DNDEBUG  -I/usr/local/include    -fpic  -g -O2  -c getMaxIndex.c -o getMaxIndex.o
gcc -I/sw/apps/R/x86_64/3.3.2/tintin/lib64/R/include -DNDEBUG  -I/usr/local/include    -fpic  -g -O2  -c itostr.c -o itostr.o
gcc -I/sw/apps/R/x86_64/3.3.2/tintin/lib64/R/include -DNDEBUG  -I/usr/local/include    -fpic  -g -O2  -c which_first.c -o which_first.o
gcc -shared -L/sw/apps/R/x86_64/3.3.2/tintin/lib64/R/lib -L/usr/local/lib64 -o BBmisc.so getMaxColRowIndex.o getMaxIndex.o itostr.o which_first.o -L/sw/apps/R/x86_64/3.3.2/tintin/lib64/R/lib -lR
installing to /pica/h1/nilsanli/R/x86_64-pc-linux-gnu-library/3.3/BBmisc/libs
** R
** byte-compile and prepare package for lazy loading
** help
*** installing help indices
** building package indices
** testing if installed package can be loaded
* DONE (BBmisc)
* installing *source* package ‘brew’ ...
** R
** inst
** preparing package for lazy loading
** help
*** installing help indices
** building package indices
** testing if installed package can be loaded
* DONE (brew)
* installing *source* package ‘DBI’ ...
** package ‘DBI’ successfully unpacked and MD5 sums checked
** R
** inst
** preparing package for lazy loading
** help
*** installing help indices
** building package indices
** installing vignettes
** testing if installed package can be loaded
* DONE (DBI)
* installing *source* package ‘sendmailR’ ...
** package ‘sendmailR’ successfully unpacked and MD5 sums checked
** R
** preparing package for lazy loading
** help
*** installing help indices
** building package indices
** testing if installed package can be loaded
* DONE (sendmailR)
* installing *source* package ‘fail’ ...
** package ‘fail’ successfully unpacked and MD5 sums checked
** R
** byte-compile and prepare package for lazy loading
** help
*** installing help indices
** building package indices
** testing if installed package can be loaded
* DONE (fail)
* installing *source* package ‘RSQLite’ ...
** package ‘RSQLite’ successfully unpacked and MD5 sums checked
** libs
Makevars:21: Makevars.local: No such file or directory
touch "Makevars.local"
g++ -I/sw/apps/R/x86_64/3.3.2/tintin/lib64/R/include -DNDEBUG -I. -DRSQLITE_USE_BUNDLED_SQLITE -DSQLITE_ENABLE_RTREE -DSQLITE_ENABLE_FTS3 -DSQLITE_ENABLE_FTS3_PARENTHESIS -DSQLITE_ENABLE_FTS5 -DSQLITE_ENABLE_JSON1 -DSQLITE_SOUNDEX -I/usr/local/include -I"/pica/h1/nilsanli/R/x86_64-pc-linux-gnu-library/3.3/Rcpp/include" -I"/pica/h1/nilsanli/R/x86_64-pc-linux-gnu-library/3.3/BH/include" -I"/pica/h1/nilsanli/R/x86_64-pc-linux-gnu-library/3.3/plogr/include"   -fpic  -g -O2  -c RcppExports.cpp -o RcppExports.o
g++ -I/sw/apps/R/x86_64/3.3.2/tintin/lib64/R/include -DNDEBUG -I. -DRSQLITE_USE_BUNDLED_SQLITE -DSQLITE_ENABLE_RTREE -DSQLITE_ENABLE_FTS3 -DSQLITE_ENABLE_FTS3_PARENTHESIS -DSQLITE_ENABLE_FTS5 -DSQLITE_ENABLE_JSON1 -DSQLITE_SOUNDEX -I/usr/local/include -I"/pica/h1/nilsanli/R/x86_64-pc-linux-gnu-library/3.3/Rcpp/include" -I"/pica/h1/nilsanli/R/x86_64-pc-linux-gnu-library/3.3/BH/include" -I"/pica/h1/nilsanli/R/x86_64-pc-linux-gnu-library/3.3/plogr/include"   -fpic  -g -O2  -c SqliteConnection.cpp -o SqliteConnection.o
g++ -I/sw/apps/R/x86_64/3.3.2/tintin/lib64/R/include -DNDEBUG -I. -DRSQLITE_USE_BUNDLED_SQLITE -DSQLITE_ENABLE_RTREE -DSQLITE_ENABLE_FTS3 -DSQLITE_ENABLE_FTS3_PARENTHESIS -DSQLITE_ENABLE_FTS5 -DSQLITE_ENABLE_JSON1 -DSQLITE_SOUNDEX -I/usr/local/include -I"/pica/h1/nilsanli/R/x86_64-pc-linux-gnu-library/3.3/Rcpp/include" -I"/pica/h1/nilsanli/R/x86_64-pc-linux-gnu-library/3.3/BH/include" -I"/pica/h1/nilsanli/R/x86_64-pc-linux-gnu-library/3.3/plogr/include"   -fpic  -g -O2  -c SqliteDataFrame.cpp -o SqliteDataFrame.o
g++ -I/sw/apps/R/x86_64/3.3.2/tintin/lib64/R/include -DNDEBUG -I. -DRSQLITE_USE_BUNDLED_SQLITE -DSQLITE_ENABLE_RTREE -DSQLITE_ENABLE_FTS3 -DSQLITE_ENABLE_FTS3_PARENTHESIS -DSQLITE_ENABLE_FTS5 -DSQLITE_ENABLE_JSON1 -DSQLITE_SOUNDEX -I/usr/local/include -I"/pica/h1/nilsanli/R/x86_64-pc-linux-gnu-library/3.3/Rcpp/include" -I"/pica/h1/nilsanli/R/x86_64-pc-linux-gnu-library/3.3/BH/include" -I"/pica/h1/nilsanli/R/x86_64-pc-linux-gnu-library/3.3/plogr/include"   -fpic  -g -O2  -c SqliteResult.cpp -o SqliteResult.o
g++ -I/sw/apps/R/x86_64/3.3.2/tintin/lib64/R/include -DNDEBUG -I. -DRSQLITE_USE_BUNDLED_SQLITE -DSQLITE_ENABLE_RTREE -DSQLITE_ENABLE_FTS3 -DSQLITE_ENABLE_FTS3_PARENTHESIS -DSQLITE_ENABLE_FTS5 -DSQLITE_ENABLE_JSON1 -DSQLITE_SOUNDEX -I/usr/local/include -I"/pica/h1/nilsanli/R/x86_64-pc-linux-gnu-library/3.3/Rcpp/include" -I"/pica/h1/nilsanli/R/x86_64-pc-linux-gnu-library/3.3/BH/include" -I"/pica/h1/nilsanli/R/x86_64-pc-linux-gnu-library/3.3/plogr/include"   -fpic  -g -O2  -c SqliteResultImpl.cpp -o SqliteResultImpl.o
gcc -I/sw/apps/R/x86_64/3.3.2/tintin/lib64/R/include -DNDEBUG -I. -DRSQLITE_USE_BUNDLED_SQLITE -DSQLITE_ENABLE_RTREE -DSQLITE_ENABLE_FTS3 -DSQLITE_ENABLE_FTS3_PARENTHESIS -DSQLITE_ENABLE_FTS5 -DSQLITE_ENABLE_JSON1 -DSQLITE_SOUNDEX -I/usr/local/include -I"/pica/h1/nilsanli/R/x86_64-pc-linux-gnu-library/3.3/Rcpp/include" -I"/pica/h1/nilsanli/R/x86_64-pc-linux-gnu-library/3.3/BH/include" -I"/pica/h1/nilsanli/R/x86_64-pc-linux-gnu-library/3.3/plogr/include"   -fpic  -g -O2  -c affinity.c -o affinity.o
g++ -I/sw/apps/R/x86_64/3.3.2/tintin/lib64/R/include -DNDEBUG -I. -DRSQLITE_USE_BUNDLED_SQLITE -DSQLITE_ENABLE_RTREE -DSQLITE_ENABLE_FTS3 -DSQLITE_ENABLE_FTS3_PARENTHESIS -DSQLITE_ENABLE_FTS5 -DSQLITE_ENABLE_JSON1 -DSQLITE_SOUNDEX -I/usr/local/include -I"/pica/h1/nilsanli/R/x86_64-pc-linux-gnu-library/3.3/Rcpp/include" -I"/pica/h1/nilsanli/R/x86_64-pc-linux-gnu-library/3.3/BH/include" -I"/pica/h1/nilsanli/R/x86_64-pc-linux-gnu-library/3.3/plogr/include"   -fpic  -g -O2  -c connection.cpp -o connection.o
gcc -I/sw/apps/R/x86_64/3.3.2/tintin/lib64/R/include -DNDEBUG -I. -DRSQLITE_USE_BUNDLED_SQLITE -DSQLITE_ENABLE_RTREE -DSQLITE_ENABLE_FTS3 -DSQLITE_ENABLE_FTS3_PARENTHESIS -DSQLITE_ENABLE_FTS5 -DSQLITE_ENABLE_JSON1 -DSQLITE_SOUNDEX -I/usr/local/include -I"/pica/h1/nilsanli/R/x86_64-pc-linux-gnu-library/3.3/Rcpp/include" -I"/pica/h1/nilsanli/R/x86_64-pc-linux-gnu-library/3.3/BH/include" -I"/pica/h1/nilsanli/R/x86_64-pc-linux-gnu-library/3.3/plogr/include"   -fpic  -g -O2  -c import-file.c -o import-file.o
g++ -I/sw/apps/R/x86_64/3.3.2/tintin/lib64/R/include -DNDEBUG -I. -DRSQLITE_USE_BUNDLED_SQLITE -DSQLITE_ENABLE_RTREE -DSQLITE_ENABLE_FTS3 -DSQLITE_ENABLE_FTS3_PARENTHESIS -DSQLITE_ENABLE_FTS5 -DSQLITE_ENABLE_JSON1 -DSQLITE_SOUNDEX -I/usr/local/include -I"/pica/h1/nilsanli/R/x86_64-pc-linux-gnu-library/3.3/Rcpp/include" -I"/pica/h1/nilsanli/R/x86_64-pc-linux-gnu-library/3.3/BH/include" -I"/pica/h1/nilsanli/R/x86_64-pc-linux-gnu-library/3.3/plogr/include"   -fpic  -g -O2  -c result.cpp -o result.o
g++ -I/sw/apps/R/x86_64/3.3.2/tintin/lib64/R/include -DNDEBUG -I. -DRSQLITE_USE_BUNDLED_SQLITE -DSQLITE_ENABLE_RTREE -DSQLITE_ENABLE_FTS3 -DSQLITE_ENABLE_FTS3_PARENTHESIS -DSQLITE_ENABLE_FTS5 -DSQLITE_ENABLE_JSON1 -DSQLITE_SOUNDEX -I/usr/local/include -I"/pica/h1/nilsanli/R/x86_64-pc-linux-gnu-library/3.3/Rcpp/include" -I"/pica/h1/nilsanli/R/x86_64-pc-linux-gnu-library/3.3/BH/include" -I"/pica/h1/nilsanli/R/x86_64-pc-linux-gnu-library/3.3/plogr/include"   -fpic  -g -O2  -c rsqlite.cpp -o rsqlite.o
gcc -I/sw/apps/R/x86_64/3.3.2/tintin/lib64/R/include -DNDEBUG -I. -DRSQLITE_USE_BUNDLED_SQLITE -DSQLITE_ENABLE_RTREE -DSQLITE_ENABLE_FTS3 -DSQLITE_ENABLE_FTS3_PARENTHESIS -DSQLITE_ENABLE_FTS5 -DSQLITE_ENABLE_JSON1 -DSQLITE_SOUNDEX -I/usr/local/include -I"/pica/h1/nilsanli/R/x86_64-pc-linux-gnu-library/3.3/Rcpp/include" -I"/pica/h1/nilsanli/R/x86_64-pc-linux-gnu-library/3.3/BH/include" -I"/pica/h1/nilsanli/R/x86_64-pc-linux-gnu-library/3.3/plogr/include"   -fpic  -g -O2  -c sqlite3/extension-functions.c -o sqlite3/extension-functions.o
gcc -I/sw/apps/R/x86_64/3.3.2/tintin/lib64/R/include -DNDEBUG -I. -DRSQLITE_USE_BUNDLED_SQLITE -DSQLITE_ENABLE_RTREE -DSQLITE_ENABLE_FTS3 -DSQLITE_ENABLE_FTS3_PARENTHESIS -DSQLITE_ENABLE_FTS5 -DSQLITE_ENABLE_JSON1 -DSQLITE_SOUNDEX -I/usr/local/include -I"/pica/h1/nilsanli/R/x86_64-pc-linux-gnu-library/3.3/Rcpp/include" -I"/pica/h1/nilsanli/R/x86_64-pc-linux-gnu-library/3.3/BH/include" -I"/pica/h1/nilsanli/R/x86_64-pc-linux-gnu-library/3.3/plogr/include"   -fpic  -g -O2  -c sqlite3/sqlite3.c -o sqlite3/sqlite3.o
g++ -shared -L/sw/apps/R/x86_64/3.3.2/tintin/lib64/R/lib -L/usr/local/lib64 -o RSQLite.so RcppExports.o SqliteConnection.o SqliteDataFrame.o SqliteResult.o SqliteResultImpl.o affinity.o connection.o import-file.o result.o rsqlite.o sqlite3/extension-functions.o sqlite3/sqlite3.o -L/sw/apps/R/x86_64/3.3.2/tintin/lib64/R/lib -lR
installing to /pica/h1/nilsanli/R/x86_64-pc-linux-gnu-library/3.3/RSQLite/libs
** R
** inst
** preparing package for lazy loading
** help
*** installing help indices
** building package indices
** installing vignettes
** testing if installed package can be loaded
* DONE (RSQLite)
* installing *source* package ‘BatchJobs’ ...
** package ‘BatchJobs’ successfully unpacked and MD5 sums checked
** R
** inst
** byte-compile and prepare package for lazy loading
** help
*** installing help indices
** building package indices
** testing if installed package can be loaded
* DONE (BatchJobs)

The downloaded source packages are in
	‘/scratch/12601820/Rtmps5evw1/downloaded_packages’
Loading required package: name
Warning messages:
1: In library(package, lib.loc = lib.loc, character.only = TRUE, logical.return = TRUE,  :
  there is no package called ‘name’
2: In library(package, lib.loc = lib.loc, character.only = TRUE, logical.return = TRUE,  :
  there is no package called ‘name’
> 
> library("IPO")
Loading required package: xcms
Loading required package: mzR
Loading required package: Rcpp
Loading required package: BiocGenerics
Loading required package: parallel

Attaching package: ‘BiocGenerics’

The following objects are masked from ‘package:parallel’:

    clusterApply, clusterApplyLB, clusterCall, clusterEvalQ,
    clusterExport, clusterMap, parApply, parCapply, parLapply,
    parLapplyLB, parRapply, parSapply, parSapplyLB

The following objects are masked from ‘package:stats’:

    IQR, mad, xtabs

The following objects are masked from ‘package:base’:

    anyDuplicated, append, as.data.frame, cbind, colnames, do.call,
    duplicated, eval, evalq, Filter, Find, get, grep, grepl, intersect,
    is.unsorted, lapply, lengths, Map, mapply, match, mget, order,
    paste, pmax, pmax.int, pmin, pmin.int, Position, rank, rbind,
    Reduce, rownames, sapply, setdiff, sort, table, tapply, union,
    unique, unsplit, which, which.max, which.min

Loading required package: ProtGenerics
Loading required package: Biobase
Welcome to Bioconductor

    Vignettes contain introductory material; view with
    'browseVignettes()'. To cite Bioconductor, see
    'citation("Biobase")', and for packages 'citation("pkgname")'.

Loading required package: rsm
Loading required package: CAMERA
> library("BiocParallel")
> library("Rmpi")
> library("xcms")
> library("rsm")
> library("BatchJobs")
Loading required package: BBmisc

Attaching package: ‘BBmisc’

The following object is masked from ‘package:BiocGenerics’:

    normalize

Sourcing configuration file: '/pica/h1/nilsanli/R/x86_64-pc-linux-gnu-library/3.3/BatchJobs/etc/BatchJobs_global_config.R'
BatchJobs configuration:
  cluster functions: Interactive
  mail.from: 
  mail.to: 
  mail.start: none
  mail.done: none
  mail.error: none
  default.resources: 
  debug: FALSE
  raise.warnings: FALSE
  staged.queries: TRUE
  max.concurrent.jobs: Inf
  fs.timeout: NA

> 
> #Set up parallelization
> #p_param <- SnowParam(mpi.universe.size()-1, type="MPI");
> #register(p_param) #Is this needed?
> register(BatchJobsParam(10))
> 
> 
> #Set-up
> slaves = 1 #Manually set number of slaves
> setwd('/proj/p2013014/nobackup/nils_xjob/stef_batch/Obaid_mzml')
> datapath <-"/proj/p2013014/nobackup/nils_xjob/stef_batch/Obaid_mzml"
> datafiles <- list.files(datapath)
> datafiles <- grep("Albenda|All_4_Pools", datafiles, perl=TRUE, value=TRUE)
> print(paste('Found the file',datafiles, sep=" "))
 [1] "Found the file Albendazole_B3_Rep1.mzML"
 [2] "Found the file Albendazole_B3_Rep2.mzML"
 [3] "Found the file Albendazole_B3_Rep3.mzML"
 [4] "Found the file All_4_Pools_10.mzML"     
 [5] "Found the file All_4_Pools_11.mzML"     
 [6] "Found the file All_4_Pools_14.mzML"     
 [7] "Found the file All_4_Pools_15.mzML"     
 [8] "Found the file All_4_Pools_17.mzML"     
 [9] "Found the file All_4_Pools_18.mzML"     
[10] "Found the file All_4_Pools_2.mzML"      
[11] "Found the file All_4_Pools_3.mzML"      
[12] "Found the file All_4_Pools_6.mzML"      
[13] "Found the file All_4_Pools_7.mzML"      
> optfiles <- datafiles[4:13] #Manually set which files are for optimization
> 
> ptm <- proc.time() #start clock
> 
> #Parameter optimization
> peakp_params <- getDefaultXcmsSetStartingParams("matchedFilter")
> print(peakp_params)
$fwhm
[1] 25 35

$snthresh
[1]  3 17

$step
[1] 0.05 0.15

$steps
[1] 1 3

$sigma
[1] 0

$max
[1] 5

$mzdiff
[1] 0

$index
[1] FALSE

$nSlaves
[1] 1

> peakp_params$ppm <- 5 #according to Orbitrap Exacto spec.
> peakp_params$nSlaves <- 1 
> res_peakp <- optimizeXcmsSet(files=optfiles,
+                              params=peakp_params,
+                              nSlaves = slaves,
+                              subdir = "optRes")



starting new DoE with:
fwhm: c(25, 35)
snthresh: c(3, 17)
step: c(0.05, 0.15)
steps: c(1, 3)
sigma: 0
max: 5
mzdiff: 0
index: FALSE
nSlaves: 1
ppm: 5

1
SubmitJobs |+                                                |   0% (00:00:00)SubmitJobs |+                                                |   0% (00:00:00)SubmitJobs |+++++                                            |  10% (03:59:15)SubmitJobs |++++++++++                                       |  20% (03:30:48)SubmitJobs |+++++++++++++++                                  |  30% (03:03:42)SubmitJobs |++++++++++++++++++++                             |  40% (02:36:49)SubmitJobs |++++++++++++++++++++++++                         |  50% (02:10:38)SubmitJobs |+++++++++++++++++++++++++++++                    |  60% (01:44:22)SubmitJobs |++++++++++++++++++++++++++++++++++               |  70% (01:18:12)SubmitJobs |+++++++++++++++++++++++++++++++++++++++          |  80% (00:52:18)SubmitJobs |++++++++++++++++++++++++++++++++++++++++++++     |  90% (00:26:10)SubmitJobs |+++++++++++++++++++++++++++++++++++++++++++++++++| 100% (00:00:00)
Waiting                   |+                                 |   0% (00:00:00)Waiting [S:0 D:10 E:0 R:0] |++++++++++++++++++++++++++++++++++| 100% (00:00:00)

2
Warning in xcmsSet(files = files, method = "matchedFilter", fwhm = xcmsSetParameters$fwhm[task],  :
  Use of argument 'nSlaves' is deprecated! Please use 'BPPARAM' instead.
Warning: Named parameters not used in query: fun_id, pars, jobname
Warning: Named parameters not used in query: job_def_id, seed
SubmitJobs |+                                                |   0% (00:00:00)SubmitJobs |+                                                |   0% (00:00:00)SubmitJobs |+++++                                            |  10% (03:47:15)SubmitJobs |++++++++++                                       |  20% (03:21:00)SubmitJobs |+++++++++++++++                                  |  30% (02:55:53)slurmstepd: error: *** JOB 12601820 ON ti146 CANCELLED AT 2017-02-14T15:02:52 DUE TO TIME LIMIT ***
